<!-- wp:paragraph -->
<p></p>
<!-- /wp:paragraph -->

<!-- wp:heading -->
<h2>a</h2>
<!-- /wp:heading -->