<!-- wp:heading -->
<h2>1. H</h2>
<!-- /wp:heading -->