<!-- wp:heading {"level":3} -->
<h3>3</h3>
<!-- /wp:heading -->