<!-- wp:heading -->
<h2><code>code</code></h2>
<!-- /wp:heading -->