<!-- wp:heading {"level":4} -->
<h4>4</h4>
<!-- /wp:heading -->